Archive member included to satisfy reference by file (symbol)

e:/atmel/studio/7.0/toolchain/avr8/avr8-gnu-toolchain/bin/../lib/gcc/avr/4.9.2/avr4\libgcc.a(_exit.o)
                              E:/Atmel/Studio/7.0/Packs/atmel/ATmega_DFP/1.1.130/gcc/dev/atmega88pa/avr4/crtatmega88pa.o (exit)
e:/atmel/studio/7.0/toolchain/avr8/avr8-gnu-toolchain/bin/../lib/gcc/avr/4.9.2/avr4\libgcc.a(_copy_data.o)
                              src/Display.o (__do_copy_data)
e:/atmel/studio/7.0/toolchain/avr8/avr8-gnu-toolchain/bin/../lib/gcc/avr/4.9.2/avr4\libgcc.a(_clear_bss.o)
                              src/Display.o (__do_clear_bss)
e:/atmel/studio/7.0/toolchain/avr8/avr8-gnu-toolchain/bin/../lib/gcc/avr/4.9.2/avr4\libgcc.a(_umulhisi3.o)
                              src/KEY_DEAL.o (__umulhisi3)

Discarded input sections

 .data          0x00000000        0x0 E:/Atmel/Studio/7.0/Packs/atmel/ATmega_DFP/1.1.130/gcc/dev/atmega88pa/avr4/crtatmega88pa.o
 .bss           0x00000000        0x0 E:/Atmel/Studio/7.0/Packs/atmel/ATmega_DFP/1.1.130/gcc/dev/atmega88pa/avr4/crtatmega88pa.o
 .group         0x00000000        0x8 src/Delay.o
 .group         0x00000000        0x8 src/Delay.o
 .group         0x00000000        0x8 src/Delay.o
 .group         0x00000000        0x8 src/Delay.o
 .group         0x00000000        0x8 src/Delay.o
 .group         0x00000000        0x8 src/Delay.o
 .group         0x00000000        0x8 src/Delay.o
 .group         0x00000000        0x8 src/Delay.o
 .group         0x00000000        0x8 src/Delay.o
 .group         0x00000000        0x8 src/Delay.o
 .group         0x00000000        0x8 src/Delay.o
 .group         0x00000000        0x8 src/Delay.o
 .group         0x00000000        0x8 src/Delay.o
 .group         0x00000000        0x8 src/Delay.o
 .text          0x00000000        0x0 src/Delay.o
 .data          0x00000000        0x0 src/Delay.o
 .bss           0x00000000        0x0 src/Delay.o
 .text.Delayus  0x00000000        0xc src/Delay.o
 .group         0x00000000        0x8 src/Display.o
 .group         0x00000000        0x8 src/Display.o
 .group         0x00000000        0x8 src/Display.o
 .group         0x00000000        0x8 src/Display.o
 .group         0x00000000        0x8 src/Display.o
 .group         0x00000000        0x8 src/Display.o
 .group         0x00000000        0x8 src/Display.o
 .group         0x00000000        0x8 src/Display.o
 .group         0x00000000        0x8 src/Display.o
 .group         0x00000000        0x8 src/Display.o
 .group         0x00000000        0x8 src/Display.o
 .group         0x00000000        0x8 src/Display.o
 .group         0x00000000        0x8 src/Display.o
 .group         0x00000000        0x8 src/Display.o
 .group         0x00000000        0x8 src/Display.o
 .text          0x00000000        0x0 src/Display.o
 .data          0x00000000        0x0 src/Display.o
 .bss           0x00000000        0x0 src/Display.o
 .text.dis_f_bit
                0x00000000       0x5a src/Display.o
 .bss.dis_fbit_timewait
                0x00000000        0x2 src/Display.o
 .bss.dis_fbit_buf
                0x00000000        0x2 src/Display.o
 .bss.dis_bit_buf
                0x00000000       0x16 src/Display.o
 .rodata.dis_fbit_timebrake
                0x00000000        0x2 src/Display.o
 .debug_macro   0x00000000      0xa42 src/Display.o
 .debug_macro   0x00000000       0x10 src/Display.o
 .debug_macro   0x00000000      0x1c9 src/Display.o
 .debug_macro   0x00000000      0x2fc src/Display.o
 .debug_macro   0x00000000       0x9e src/Display.o
 .debug_macro   0x00000000     0x19f1 src/Display.o
 .debug_macro   0x00000000      0x13a src/Display.o
 .debug_macro   0x00000000       0xbd src/Display.o
 .debug_macro   0x00000000       0x34 src/Display.o
 .debug_macro   0x00000000       0x18 src/Display.o
 .debug_macro   0x00000000       0x6c src/Display.o
 .debug_macro   0x00000000       0x10 src/Display.o
 .debug_macro   0x00000000      0x166 src/Display.o
 .group         0x00000000        0x8 src/ASF/common/boards/user_board/init.o
 .group         0x00000000        0x8 src/ASF/common/boards/user_board/init.o
 .group         0x00000000        0x8 src/ASF/common/boards/user_board/init.o
 .group         0x00000000        0x8 src/ASF/common/boards/user_board/init.o
 .group         0x00000000        0x8 src/ASF/common/boards/user_board/init.o
 .group         0x00000000        0x8 src/ASF/common/boards/user_board/init.o
 .group         0x00000000        0x8 src/ASF/common/boards/user_board/init.o
 .group         0x00000000        0x8 src/ASF/common/boards/user_board/init.o
 .group         0x00000000        0x8 src/ASF/common/boards/user_board/init.o
 .group         0x00000000        0x8 src/ASF/common/boards/user_board/init.o
 .group         0x00000000        0x8 src/ASF/common/boards/user_board/init.o
 .group         0x00000000        0x8 src/ASF/common/boards/user_board/init.o
 .group         0x00000000        0x8 src/ASF/common/boards/user_board/init.o
 .group         0x00000000        0x8 src/ASF/common/boards/user_board/init.o
 .group         0x00000000        0x8 src/ASF/common/boards/user_board/init.o
 .group         0x00000000        0x8 src/ASF/common/boards/user_board/init.o
 .group         0x00000000        0x8 src/ASF/common/boards/user_board/init.o
 .group         0x00000000        0x8 src/ASF/common/boards/user_board/init.o
 .group         0x00000000        0x8 src/ASF/common/boards/user_board/init.o
 .group         0x00000000        0x8 src/ASF/common/boards/user_board/init.o
 .group         0x00000000        0x8 src/ASF/common/boards/user_board/init.o
 .group         0x00000000        0x8 src/ASF/common/boards/user_board/init.o
 .group         0x00000000        0x8 src/ASF/common/boards/user_board/init.o
 .group         0x00000000        0x8 src/ASF/common/boards/user_board/init.o
 .group         0x00000000        0x8 src/ASF/common/boards/user_board/init.o
 .group         0x00000000        0x8 src/ASF/common/boards/user_board/init.o
 .text          0x00000000        0x0 src/ASF/common/boards/user_board/init.o
 .data          0x00000000        0x0 src/ASF/common/boards/user_board/init.o
 .bss           0x00000000        0x0 src/ASF/common/boards/user_board/init.o
 .debug_macro   0x00000000      0xa42 src/ASF/common/boards/user_board/init.o
 .debug_macro   0x00000000       0x10 src/ASF/common/boards/user_board/init.o
 .debug_macro   0x00000000      0x1c9 src/ASF/common/boards/user_board/init.o
 .debug_macro   0x00000000      0x2fc src/ASF/common/boards/user_board/init.o
 .debug_macro   0x00000000       0x9e src/ASF/common/boards/user_board/init.o
 .debug_macro   0x00000000     0x19f1 src/ASF/common/boards/user_board/init.o
 .debug_macro   0x00000000      0x13a src/ASF/common/boards/user_board/init.o
 .debug_macro   0x00000000       0xbd src/ASF/common/boards/user_board/init.o
 .debug_macro   0x00000000       0x34 src/ASF/common/boards/user_board/init.o
 .debug_macro   0x00000000       0x18 src/ASF/common/boards/user_board/init.o
 .debug_macro   0x00000000       0x6c src/ASF/common/boards/user_board/init.o
 .group         0x00000000        0x8 src/KEY_DEAL.o
 .group         0x00000000        0x8 src/KEY_DEAL.o
 .group         0x00000000        0x8 src/KEY_DEAL.o
 .group         0x00000000        0x8 src/KEY_DEAL.o
 .group         0x00000000        0x8 src/KEY_DEAL.o
 .group         0x00000000        0x8 src/KEY_DEAL.o
 .group         0x00000000        0x8 src/KEY_DEAL.o
 .group         0x00000000        0x8 src/KEY_DEAL.o
 .group         0x00000000        0x8 src/KEY_DEAL.o
 .group         0x00000000        0x8 src/KEY_DEAL.o
 .group         0x00000000        0x8 src/KEY_DEAL.o
 .group         0x00000000        0x8 src/KEY_DEAL.o
 .group         0x00000000        0x8 src/KEY_DEAL.o
 .group         0x00000000        0x8 src/KEY_DEAL.o
 .group         0x00000000        0x8 src/KEY_DEAL.o
 .group         0x00000000        0x8 src/KEY_DEAL.o
 .text          0x00000000        0x0 src/KEY_DEAL.o
 .data          0x00000000        0x0 src/KEY_DEAL.o
 .bss           0x00000000        0x0 src/KEY_DEAL.o
 .text.KEY_1_HOLD_isr
                0x00000000       0x1c src/KEY_DEAL.o
 .bss.delay_state
                0x00000000        0x1 src/KEY_DEAL.o
 .bss.fatigue_step
                0x00000000        0x1 src/KEY_DEAL.o
 .bss.work_hold_state
                0x00000000        0x1 src/KEY_DEAL.o
 .bss.setting_state
                0x00000000        0x1 src/KEY_DEAL.o
 .data.setting_dis_bi_high
                0x00000000        0x1 src/KEY_DEAL.o
 .bss.setting_dis_bit
                0x00000000        0x1 src/KEY_DEAL.o
 .debug_macro   0x00000000      0xa42 src/KEY_DEAL.o
 .debug_macro   0x00000000       0x10 src/KEY_DEAL.o
 .debug_macro   0x00000000      0x1c9 src/KEY_DEAL.o
 .debug_macro   0x00000000      0x2fc src/KEY_DEAL.o
 .debug_macro   0x00000000       0x9e src/KEY_DEAL.o
 .debug_macro   0x00000000     0x19f1 src/KEY_DEAL.o
 .debug_macro   0x00000000      0x13a src/KEY_DEAL.o
 .debug_macro   0x00000000       0xbd src/KEY_DEAL.o
 .debug_macro   0x00000000       0x34 src/KEY_DEAL.o
 .debug_macro   0x00000000       0x18 src/KEY_DEAL.o
 .debug_macro   0x00000000       0x6c src/KEY_DEAL.o
 .debug_macro   0x00000000       0x69 src/KEY_DEAL.o
 .debug_macro   0x00000000       0x22 src/KEY_DEAL.o
 .debug_macro   0x00000000       0xb8 src/KEY_DEAL.o
 .debug_macro   0x00000000      0x106 src/KEY_DEAL.o
 .group         0x00000000        0x8 src/main.o
 .group         0x00000000        0x8 src/main.o
 .group         0x00000000        0x8 src/main.o
 .group         0x00000000        0x8 src/main.o
 .group         0x00000000        0x8 src/main.o
 .group         0x00000000        0x8 src/main.o
 .group         0x00000000        0x8 src/main.o
 .group         0x00000000        0x8 src/main.o
 .group         0x00000000        0x8 src/main.o
 .group         0x00000000        0x8 src/main.o
 .group         0x00000000        0x8 src/main.o
 .group         0x00000000        0x8 src/main.o
 .group         0x00000000        0x8 src/main.o
 .group         0x00000000        0x8 src/main.o
 .group         0x00000000        0x8 src/main.o
 .group         0x00000000        0x8 src/main.o
 .group         0x00000000        0x8 src/main.o
 .group         0x00000000        0x8 src/main.o
 .group         0x00000000        0x8 src/main.o
 .group         0x00000000        0x8 src/main.o
 .group         0x00000000        0x8 src/main.o
 .group         0x00000000        0x8 src/main.o
 .group         0x00000000        0x8 src/main.o
 .group         0x00000000        0x8 src/main.o
 .group         0x00000000        0x8 src/main.o
 .group         0x00000000        0x8 src/main.o
 .group         0x00000000        0x8 src/main.o
 .group         0x00000000        0x8 src/main.o
 .group         0x00000000        0x8 src/main.o
 .group         0x00000000        0x8 src/main.o
 .text          0x00000000        0x0 src/main.o
 .data          0x00000000        0x0 src/main.o
 .bss           0x00000000        0x0 src/main.o
 .bss.int1_deal
                0x00000000        0x1 src/main.o
 .bss.int1_flag
                0x00000000        0x1 src/main.o
 .bss.counter_buf
                0x00000000        0x1 src/main.o
 .debug_macro   0x00000000      0xa42 src/main.o
 .debug_macro   0x00000000       0x10 src/main.o
 .debug_macro   0x00000000      0x1c9 src/main.o
 .debug_macro   0x00000000      0x2fc src/main.o
 .debug_macro   0x00000000       0x9e src/main.o
 .debug_macro   0x00000000     0x19f1 src/main.o
 .debug_macro   0x00000000      0x13a src/main.o
 .debug_macro   0x00000000       0xbd src/main.o
 .debug_macro   0x00000000       0x34 src/main.o
 .debug_macro   0x00000000       0x18 src/main.o
 .debug_macro   0x00000000       0x6c src/main.o
 .debug_macro   0x00000000       0x22 src/main.o
 .debug_macro   0x00000000      0x166 src/main.o
 .debug_macro   0x00000000       0x1c src/main.o
 .debug_macro   0x00000000       0x35 src/main.o
 .debug_macro   0x00000000       0x66 src/main.o
 .debug_macro   0x00000000      0x652 src/main.o
 .debug_macro   0x00000000       0x44 src/main.o
 .debug_macro   0x00000000       0x69 src/main.o
 .debug_macro   0x00000000       0x2c src/main.o
 .debug_macro   0x00000000       0x10 src/main.o
 .debug_macro   0x00000000       0xe2 src/main.o
 .debug_macro   0x00000000       0x40 src/main.o
 .debug_macro   0x00000000      0x100 src/main.o
 .debug_macro   0x00000000      0x2b9 src/main.o
 .debug_macro   0x00000000       0x56 src/main.o
 .debug_macro   0x00000000       0x22 src/main.o
 .debug_macro   0x00000000      0x106 src/main.o
 .debug_macro   0x00000000       0xb8 src/main.o
 .debug_macro   0x00000000       0xa6 src/main.o
 .text          0x00000000        0x0 e:/atmel/studio/7.0/toolchain/avr8/avr8-gnu-toolchain/bin/../lib/gcc/avr/4.9.2/avr4\libgcc.a(_exit.o)
 .data          0x00000000        0x0 e:/atmel/studio/7.0/toolchain/avr8/avr8-gnu-toolchain/bin/../lib/gcc/avr/4.9.2/avr4\libgcc.a(_exit.o)
 .bss           0x00000000        0x0 e:/atmel/studio/7.0/toolchain/avr8/avr8-gnu-toolchain/bin/../lib/gcc/avr/4.9.2/avr4\libgcc.a(_exit.o)
 .text.libgcc.mul
                0x00000000        0x0 e:/atmel/studio/7.0/toolchain/avr8/avr8-gnu-toolchain/bin/../lib/gcc/avr/4.9.2/avr4\libgcc.a(_exit.o)
 .text.libgcc.div
                0x00000000        0x0 e:/atmel/studio/7.0/toolchain/avr8/avr8-gnu-toolchain/bin/../lib/gcc/avr/4.9.2/avr4\libgcc.a(_exit.o)
 .text.libgcc   0x00000000        0x0 e:/atmel/studio/7.0/toolchain/avr8/avr8-gnu-toolchain/bin/../lib/gcc/avr/4.9.2/avr4\libgcc.a(_exit.o)
 .text.libgcc.prologue
                0x00000000        0x0 e:/atmel/studio/7.0/toolchain/avr8/avr8-gnu-toolchain/bin/../lib/gcc/avr/4.9.2/avr4\libgcc.a(_exit.o)
 .text.libgcc.builtins
                0x00000000        0x0 e:/atmel/studio/7.0/toolchain/avr8/avr8-gnu-toolchain/bin/../lib/gcc/avr/4.9.2/avr4\libgcc.a(_exit.o)
 .text.libgcc.fmul
                0x00000000        0x0 e:/atmel/studio/7.0/toolchain/avr8/avr8-gnu-toolchain/bin/../lib/gcc/avr/4.9.2/avr4\libgcc.a(_exit.o)
 .text.libgcc.fixed
                0x00000000        0x0 e:/atmel/studio/7.0/toolchain/avr8/avr8-gnu-toolchain/bin/../lib/gcc/avr/4.9.2/avr4\libgcc.a(_exit.o)
 .text          0x00000000        0x0 e:/atmel/studio/7.0/toolchain/avr8/avr8-gnu-toolchain/bin/../lib/gcc/avr/4.9.2/avr4\libgcc.a(_copy_data.o)
 .data          0x00000000        0x0 e:/atmel/studio/7.0/toolchain/avr8/avr8-gnu-toolchain/bin/../lib/gcc/avr/4.9.2/avr4\libgcc.a(_copy_data.o)
 .bss           0x00000000        0x0 e:/atmel/studio/7.0/toolchain/avr8/avr8-gnu-toolchain/bin/../lib/gcc/avr/4.9.2/avr4\libgcc.a(_copy_data.o)
 .text.libgcc.mul
                0x00000000        0x0 e:/atmel/studio/7.0/toolchain/avr8/avr8-gnu-toolchain/bin/../lib/gcc/avr/4.9.2/avr4\libgcc.a(_copy_data.o)
 .text.libgcc.div
                0x00000000        0x0 e:/atmel/studio/7.0/toolchain/avr8/avr8-gnu-toolchain/bin/../lib/gcc/avr/4.9.2/avr4\libgcc.a(_copy_data.o)
 .text.libgcc   0x00000000        0x0 e:/atmel/studio/7.0/toolchain/avr8/avr8-gnu-toolchain/bin/../lib/gcc/avr/4.9.2/avr4\libgcc.a(_copy_data.o)
 .text.libgcc.prologue
                0x00000000        0x0 e:/atmel/studio/7.0/toolchain/avr8/avr8-gnu-toolchain/bin/../lib/gcc/avr/4.9.2/avr4\libgcc.a(_copy_data.o)
 .text.libgcc.builtins
                0x00000000        0x0 e:/atmel/studio/7.0/toolchain/avr8/avr8-gnu-toolchain/bin/../lib/gcc/avr/4.9.2/avr4\libgcc.a(_copy_data.o)
 .text.libgcc.fmul
                0x00000000        0x0 e:/atmel/studio/7.0/toolchain/avr8/avr8-gnu-toolchain/bin/../lib/gcc/avr/4.9.2/avr4\libgcc.a(_copy_data.o)
 .text.libgcc.fixed
                0x00000000        0x0 e:/atmel/studio/7.0/toolchain/avr8/avr8-gnu-toolchain/bin/../lib/gcc/avr/4.9.2/avr4\libgcc.a(_copy_data.o)
 .text          0x00000000        0x0 e:/atmel/studio/7.0/toolchain/avr8/avr8-gnu-toolchain/bin/../lib/gcc/avr/4.9.2/avr4\libgcc.a(_clear_bss.o)
 .data          0x00000000        0x0 e:/atmel/studio/7.0/toolchain/avr8/avr8-gnu-toolchain/bin/../lib/gcc/avr/4.9.2/avr4\libgcc.a(_clear_bss.o)
 .bss           0x00000000        0x0 e:/atmel/studio/7.0/toolchain/avr8/avr8-gnu-toolchain/bin/../lib/gcc/avr/4.9.2/avr4\libgcc.a(_clear_bss.o)
 .text.libgcc.mul
                0x00000000        0x0 e:/atmel/studio/7.0/toolchain/avr8/avr8-gnu-toolchain/bin/../lib/gcc/avr/4.9.2/avr4\libgcc.a(_clear_bss.o)
 .text.libgcc.div
                0x00000000        0x0 e:/atmel/studio/7.0/toolchain/avr8/avr8-gnu-toolchain/bin/../lib/gcc/avr/4.9.2/avr4\libgcc.a(_clear_bss.o)
 .text.libgcc   0x00000000        0x0 e:/atmel/studio/7.0/toolchain/avr8/avr8-gnu-toolchain/bin/../lib/gcc/avr/4.9.2/avr4\libgcc.a(_clear_bss.o)
 .text.libgcc.prologue
                0x00000000        0x0 e:/atmel/studio/7.0/toolchain/avr8/avr8-gnu-toolchain/bin/../lib/gcc/avr/4.9.2/avr4\libgcc.a(_clear_bss.o)
 .text.libgcc.builtins
                0x00000000        0x0 e:/atmel/studio/7.0/toolchain/avr8/avr8-gnu-toolchain/bin/../lib/gcc/avr/4.9.2/avr4\libgcc.a(_clear_bss.o)
 .text.libgcc.fmul
                0x00000000        0x0 e:/atmel/studio/7.0/toolchain/avr8/avr8-gnu-toolchain/bin/../lib/gcc/avr/4.9.2/avr4\libgcc.a(_clear_bss.o)
 .text.libgcc.fixed
                0x00000000        0x0 e:/atmel/studio/7.0/toolchain/avr8/avr8-gnu-toolchain/bin/../lib/gcc/avr/4.9.2/avr4\libgcc.a(_clear_bss.o)
 .text          0x00000000        0x0 e:/atmel/studio/7.0/toolchain/avr8/avr8-gnu-toolchain/bin/../lib/gcc/avr/4.9.2/avr4\libgcc.a(_umulhisi3.o)
 .data          0x00000000        0x0 e:/atmel/studio/7.0/toolchain/avr8/avr8-gnu-toolchain/bin/../lib/gcc/avr/4.9.2/avr4\libgcc.a(_umulhisi3.o)
 .bss           0x00000000        0x0 e:/atmel/studio/7.0/toolchain/avr8/avr8-gnu-toolchain/bin/../lib/gcc/avr/4.9.2/avr4\libgcc.a(_umulhisi3.o)
 .text.libgcc.div
                0x00000000        0x0 e:/atmel/studio/7.0/toolchain/avr8/avr8-gnu-toolchain/bin/../lib/gcc/avr/4.9.2/avr4\libgcc.a(_umulhisi3.o)
 .text.libgcc   0x00000000        0x0 e:/atmel/studio/7.0/toolchain/avr8/avr8-gnu-toolchain/bin/../lib/gcc/avr/4.9.2/avr4\libgcc.a(_umulhisi3.o)
 .text.libgcc.prologue
                0x00000000        0x0 e:/atmel/studio/7.0/toolchain/avr8/avr8-gnu-toolchain/bin/../lib/gcc/avr/4.9.2/avr4\libgcc.a(_umulhisi3.o)
 .text.libgcc.builtins
                0x00000000        0x0 e:/atmel/studio/7.0/toolchain/avr8/avr8-gnu-toolchain/bin/../lib/gcc/avr/4.9.2/avr4\libgcc.a(_umulhisi3.o)
 .text.libgcc.fmul
                0x00000000        0x0 e:/atmel/studio/7.0/toolchain/avr8/avr8-gnu-toolchain/bin/../lib/gcc/avr/4.9.2/avr4\libgcc.a(_umulhisi3.o)
 .text.libgcc.fixed
                0x00000000        0x0 e:/atmel/studio/7.0/toolchain/avr8/avr8-gnu-toolchain/bin/../lib/gcc/avr/4.9.2/avr4\libgcc.a(_umulhisi3.o)

Memory Configuration

Name             Origin             Length             Attributes
text             0x00000000         0x00002000         xr
data             0x00800060         0x0000ffa0         rw !x
eeprom           0x00810000         0x00010000         rw !x
fuse             0x00820000         0x00000003         rw !x
lock             0x00830000         0x00000400         rw !x
signature        0x00840000         0x00000400         rw !x
user_signatures  0x00850000         0x00000400         rw !x
*default*        0x00000000         0xffffffff

Linker script and memory map

Address of section .data set to 0x800100
LOAD E:/Atmel/Studio/7.0/Packs/atmel/ATmega_DFP/1.1.130/gcc/dev/atmega88pa/avr4/crtatmega88pa.o
LOAD src/Delay.o
LOAD src/Display.o
LOAD src/ASF/common/boards/user_board/init.o
LOAD src/KEY_DEAL.o
LOAD src/main.o
START GROUP
LOAD e:/atmel/studio/7.0/toolchain/avr8/avr8-gnu-toolchain/bin/../lib/gcc/avr/4.9.2/../../../../avr/lib/avr4\libm.a
END GROUP
START GROUP
LOAD e:/atmel/studio/7.0/toolchain/avr8/avr8-gnu-toolchain/bin/../lib/gcc/avr/4.9.2/avr4\libgcc.a
LOAD e:/atmel/studio/7.0/toolchain/avr8/avr8-gnu-toolchain/bin/../lib/gcc/avr/4.9.2/../../../../avr/lib/avr4\libm.a
LOAD e:/atmel/studio/7.0/toolchain/avr8/avr8-gnu-toolchain/bin/../lib/gcc/avr/4.9.2/../../../../avr/lib/avr4\libc.a
LOAD E:/Atmel/Studio/7.0/Packs/atmel/ATmega_DFP/1.1.130/gcc/dev/atmega88pa/avr4\libatmega88pa.a
END GROUP
                0x00002000                __TEXT_REGION_LENGTH__ = DEFINED (__TEXT_REGION_LENGTH__)?__TEXT_REGION_LENGTH__:0x2000
                0x0000ffa0                __DATA_REGION_LENGTH__ = DEFINED (__DATA_REGION_LENGTH__)?__DATA_REGION_LENGTH__:0xffa0
                0x00010000                __EEPROM_REGION_LENGTH__ = DEFINED (__EEPROM_REGION_LENGTH__)?__EEPROM_REGION_LENGTH__:0x10000
                [0x00000003]                __FUSE_REGION_LENGTH__ = DEFINED (__FUSE_REGION_LENGTH__)?__FUSE_REGION_LENGTH__:0x400
                0x00000400                __LOCK_REGION_LENGTH__ = DEFINED (__LOCK_REGION_LENGTH__)?__LOCK_REGION_LENGTH__:0x400
                0x00000400                __SIGNATURE_REGION_LENGTH__ = DEFINED (__SIGNATURE_REGION_LENGTH__)?__SIGNATURE_REGION_LENGTH__:0x400
                0x00000400                __USER_SIGNATURE_REGION_LENGTH__ = DEFINED (__USER_SIGNATURE_REGION_LENGTH__)?__USER_SIGNATURE_REGION_LENGTH__:0x400

.hash
 *(.hash)

.dynsym
 *(.dynsym)

.dynstr
 *(.dynstr)

.gnu.version
 *(.gnu.version)

.gnu.version_d
 *(.gnu.version_d)

.gnu.version_r
 *(.gnu.version_r)

.rel.init
 *(.rel.init)

.rela.init
 *(.rela.init)

.rel.text
 *(.rel.text)
 *(.rel.text.*)
 *(.rel.gnu.linkonce.t*)

.rela.text
 *(.rela.text)
 *(.rela.text.*)
 *(.rela.gnu.linkonce.t*)

.rel.fini
 *(.rel.fini)

.rela.fini
 *(.rela.fini)

.rel.rodata
 *(.rel.rodata)
 *(.rel.rodata.*)
 *(.rel.gnu.linkonce.r*)

.rela.rodata
 *(.rela.rodata)
 *(.rela.rodata.*)
 *(.rela.gnu.linkonce.r*)

.rel.data
 *(.rel.data)
 *(.rel.data.*)
 *(.rel.gnu.linkonce.d*)

.rela.data
 *(.rela.data)
 *(.rela.data.*)
 *(.rela.gnu.linkonce.d*)

.rel.ctors
 *(.rel.ctors)

.rela.ctors
 *(.rela.ctors)

.rel.dtors
 *(.rel.dtors)

.rela.dtors
 *(.rela.dtors)

.rel.got
 *(.rel.got)

.rela.got
 *(.rela.got)

.rel.bss
 *(.rel.bss)

.rela.bss
 *(.rela.bss)

.rel.plt
 *(.rel.plt)

.rela.plt
 *(.rela.plt)

.text           0x00000000      0x8c4
 *(.vectors)
 .vectors       0x00000000       0x34 E:/Atmel/Studio/7.0/Packs/atmel/ATmega_DFP/1.1.130/gcc/dev/atmega88pa/avr4/crtatmega88pa.o
                0x00000000                __vector_default
                0x00000000                __vectors
 *(.vectors)
 *(.progmem.gcc*)
                0x00000034                . = ALIGN (0x2)
                0x00000034                __trampolines_start = .
 *(.trampolines)
 .trampolines   0x00000034        0x0 linker stubs
 *(.trampolines*)
                0x00000034                __trampolines_end = .
 *libprintf_flt.a:*(.progmem.data)
 *libc.a:*(.progmem.data)
 *(.progmem*)
                0x00000034                . = ALIGN (0x2)
 *(.jumptables)
 *(.jumptables*)
 *(.lowtext)
 *(.lowtext*)
                0x00000034                __ctors_start = .
 *(.ctors)
                0x00000034                __ctors_end = .
                0x00000034                __dtors_start = .
 *(.dtors)
                0x00000034                __dtors_end = .
 SORT(*)(.ctors)
 SORT(*)(.dtors)
 *(.init0)
 .init0         0x00000034        0x0 E:/Atmel/Studio/7.0/Packs/atmel/ATmega_DFP/1.1.130/gcc/dev/atmega88pa/avr4/crtatmega88pa.o
                0x00000034                __init
 *(.init0)
 *(.init1)
 *(.init1)
 *(.init2)
 .init2         0x00000034        0xc E:/Atmel/Studio/7.0/Packs/atmel/ATmega_DFP/1.1.130/gcc/dev/atmega88pa/avr4/crtatmega88pa.o
 *(.init2)
 *(.init3)
 *(.init3)
 *(.init4)
 .init4         0x00000040       0x16 e:/atmel/studio/7.0/toolchain/avr8/avr8-gnu-toolchain/bin/../lib/gcc/avr/4.9.2/avr4\libgcc.a(_copy_data.o)
                0x00000040                __do_copy_data
 .init4         0x00000056       0x10 e:/atmel/studio/7.0/toolchain/avr8/avr8-gnu-toolchain/bin/../lib/gcc/avr/4.9.2/avr4\libgcc.a(_clear_bss.o)
                0x00000056                __do_clear_bss
 *(.init4)
 *(.init5)
 *(.init5)
 *(.init6)
 *(.init6)
 *(.init7)
 *(.init7)
 *(.init8)
 *(.init8)
 *(.init9)
 .init9         0x00000066        0x4 E:/Atmel/Studio/7.0/Packs/atmel/ATmega_DFP/1.1.130/gcc/dev/atmega88pa/avr4/crtatmega88pa.o
 *(.init9)
 *(.text)
 .text          0x0000006a        0x2 E:/Atmel/Studio/7.0/Packs/atmel/ATmega_DFP/1.1.130/gcc/dev/atmega88pa/avr4/crtatmega88pa.o
                0x0000006a                __vector_22
                0x0000006a                __vector_24
                0x0000006a                __vector_12
                0x0000006a                __bad_interrupt
                0x0000006a                __vector_6
                0x0000006a                __vector_3
                0x0000006a                __vector_23
                0x0000006a                __vector_25
                0x0000006a                __vector_11
                0x0000006a                __vector_17
                0x0000006a                __vector_19
                0x0000006a                __vector_7
                0x0000006a                __vector_5
                0x0000006a                __vector_4
                0x0000006a                __vector_9
                0x0000006a                __vector_2
                0x0000006a                __vector_21
                0x0000006a                __vector_15
                0x0000006a                __vector_8
                0x0000006a                __vector_14
                0x0000006a                __vector_10
                0x0000006a                __vector_16
                0x0000006a                __vector_18
                0x0000006a                __vector_20
                0x0000006c                . = ALIGN (0x2)
 *(.text.*)
 .text.Delayms  0x0000006c       0x16 src/Delay.o
                0x0000006c                Delayms
 .text.TM1629_init
                0x00000082       0x12 src/Display.o
                0x00000082                TM1629_init
 .text.dis_send
                0x00000094       0x42 src/Display.o
                0x00000094                dis_send
 .text.dis_con  0x000000d6       0x2a src/Display.o
                0x000000d6                dis_con
 .text.DIS_PARA
                0x00000100       0x3a src/Display.o
                0x00000100                DIS_PARA
 .text.DIS_TEST
                0x0000013a       0x1a src/Display.o
                0x0000013a                DIS_TEST
 .text.dis_f_test
                0x00000154       0x24 src/Display.o
                0x00000154                dis_f_test
 .text.display_some
                0x00000178       0x86 src/Display.o
                0x00000178                display_some
 .text.board_init
                0x000001fe        0x2 src/ASF/common/boards/user_board/init.o
                0x000001fe                board_init
 .text.key_init
                0x00000200        0xe src/KEY_DEAL.o
                0x00000200                key_init
 .text.GetKeyCode
                0x0000020e       0x24 src/KEY_DEAL.o
                0x0000020e                GetKeyCode
 .text.GetKey   0x00000232       0xf0 src/KEY_DEAL.o
                0x00000232                GetKey
 .text.Key_detect
                0x00000322       0xac src/KEY_DEAL.o
                0x00000322                Key_detect
 .text.KEY_1_short_isr
                0x000003ce       0x1c src/KEY_DEAL.o
                0x000003ce                KEY_1_short_isr
 .text.KEY_2_short_isr
                0x000003ea      0x13e src/KEY_DEAL.o
                0x000003ea                KEY_2_short_isr
 .text.KEY_3_short_isr
                0x00000528       0x20 src/KEY_DEAL.o
                0x00000528                KEY_3_short_isr
 .text.Key_ISR  0x00000548       0x44 src/KEY_DEAL.o
                0x00000548                Key_ISR
 .text.port_init
                0x0000058c       0x28 src/main.o
                0x0000058c                port_init
 .text.EEPROM_write
                0x000005b4       0x10 src/main.o
                0x000005b4                EEPROM_write
 .text.__vector_1
                0x000005c4       0x74 src/main.o
                0x000005c4                __vector_1
 .text.EEPROM_read
                0x00000638        0xe src/main.o
                0x00000638                EEPROM_read
 .text.state_init
                0x00000646      0x154 src/main.o
                0x00000646                state_init
 .text.timer1_init
                0x0000079a       0x20 src/main.o
                0x0000079a                timer1_init
 .text.main     0x000007ba       0x38 src/main.o
                0x000007ba                main
 .text.timer1_close
                0x000007f2       0x1e src/main.o
                0x000007f2                timer1_close
 .text.__vector_13
                0x00000810       0x98 src/main.o
                0x00000810                __vector_13
 .text.libgcc.mul
                0x000008a8       0x18 e:/atmel/studio/7.0/toolchain/avr8/avr8-gnu-toolchain/bin/../lib/gcc/avr/4.9.2/avr4\libgcc.a(_umulhisi3.o)
                0x000008a8                __umulhisi3
                0x000008c0                . = ALIGN (0x2)
 *(.fini9)
 .fini9         0x000008c0        0x0 e:/atmel/studio/7.0/toolchain/avr8/avr8-gnu-toolchain/bin/../lib/gcc/avr/4.9.2/avr4\libgcc.a(_exit.o)
                0x000008c0                _exit
                0x000008c0                exit
 *(.fini9)
 *(.fini8)
 *(.fini8)
 *(.fini7)
 *(.fini7)
 *(.fini6)
 *(.fini6)
 *(.fini5)
 *(.fini5)
 *(.fini4)
 *(.fini4)
 *(.fini3)
 *(.fini3)
 *(.fini2)
 *(.fini2)
 *(.fini1)
 *(.fini1)
 *(.fini0)
 .fini0         0x000008c0        0x4 e:/atmel/studio/7.0/toolchain/avr8/avr8-gnu-toolchain/bin/../lib/gcc/avr/4.9.2/avr4\libgcc.a(_exit.o)
 *(.fini0)
                0x000008c4                _etext = .

.data           0x00800100       0x28 load address 0x000008c4
                0x00800100                PROVIDE (__data_start, .)
 *(.data)
 *(.data*)
 .data.Keypermit_deal
                0x00800100        0x1 src/KEY_DEAL.o
                0x00800100                Keypermit_deal
 .data.timeover_flag
                0x00800101        0x1 src/main.o
                0x00800101                timeover_flag
 *(.rodata)
 *(.rodata*)
 .rodata.disnum
                0x00800102       0x10 src/Display.o
                0x00800102                disnum
 .rodata.table  0x00800112       0x15 src/Display.o
                0x00800112                table
 *(.gnu.linkonce.d*)
                0x00800128                . = ALIGN (0x2)
 *fill*         0x00800127        0x1 
                0x00800128                _edata = .
                0x00800128                PROVIDE (__data_end, .)

.bss            0x00800128       0x20
                0x00800128                PROVIDE (__bss_start, .)
 *(.bss)
 *(.bss*)
 .bss.dis_buf   0x00800128       0x16 src/Display.o
                0x00800128                dis_buf
 .bss.KeyHoldDly.1573
                0x0080013e        0x2 src/KEY_DEAL.o
 .bss.KeyPrev.1572
                0x00800140        0x1 src/KEY_DEAL.o
 .bss.KeyState.1571
                0x00800141        0x1 src/KEY_DEAL.o
 .bss.Key3      0x00800142        0x1 src/KEY_DEAL.o
                0x00800142                Key3
 .bss.KeyValue  0x00800143        0x1 src/KEY_DEAL.o
                0x00800143                KeyValue
 .bss.timeover_buf
                0x00800144        0x1 src/main.o
                0x00800144                timeover_buf
 .bss.workingstate
                0x00800145        0x1 src/main.o
                0x00800145                workingstate
 .bss.fatigue_number
                0x00800146        0x2 src/main.o
                0x00800146                fatigue_number
 *(COMMON)
                0x00800148                PROVIDE (__bss_end, .)
                0x000008c4                __data_load_start = LOADADDR (.data)
                0x000008ec                __data_load_end = (__data_load_start + SIZEOF (.data))

.noinit         0x00800148        0x0
                [!provide]                PROVIDE (__noinit_start, .)
 *(.noinit*)
                [!provide]                PROVIDE (__noinit_end, .)
                0x00800148                _end = .
                [!provide]                PROVIDE (__heap_start, .)

.eeprom         0x00810000        0x0
 *(.eeprom*)
                0x00810000                __eeprom_end = .

.fuse
 *(.fuse)
 *(.lfuse)
 *(.hfuse)
 *(.efuse)

.lock
 *(.lock*)

.signature
 *(.signature*)

.user_signatures
 *(.user_signatures*)

.stab
 *(.stab)

.stabstr
 *(.stabstr)

.stab.excl
 *(.stab.excl)

.stab.exclstr
 *(.stab.exclstr)

.stab.index
 *(.stab.index)

.stab.indexstr
 *(.stab.indexstr)

.comment        0x00000000       0x30
 *(.comment)
 .comment       0x00000000       0x30 src/Delay.o
                                 0x31 (size before relaxing)
 .comment       0x00000030       0x31 src/Display.o
 .comment       0x00000030       0x31 src/ASF/common/boards/user_board/init.o
 .comment       0x00000030       0x31 src/KEY_DEAL.o
 .comment       0x00000030       0x31 src/main.o

.note.gnu.avr.deviceinfo
                0x00000000       0x40
 .note.gnu.avr.deviceinfo
                0x00000000       0x40 E:/Atmel/Studio/7.0/Packs/atmel/ATmega_DFP/1.1.130/gcc/dev/atmega88pa/avr4/crtatmega88pa.o

.note.gnu.build-id
 *(.note.gnu.build-id)

.debug
 *(.debug)

.line
 *(.line)

.debug_srcinfo
 *(.debug_srcinfo)

.debug_sfnames
 *(.debug_sfnames)

.debug_aranges  0x00000000      0x160
 *(.debug_aranges)
 .debug_aranges
                0x00000000       0x28 src/Delay.o
 .debug_aranges
                0x00000028       0x58 src/Display.o
 .debug_aranges
                0x00000080       0x20 src/ASF/common/boards/user_board/init.o
 .debug_aranges
                0x000000a0       0x60 src/KEY_DEAL.o
 .debug_aranges
                0x00000100       0x60 src/main.o

.debug_pubnames
 *(.debug_pubnames)

.debug_info     0x00000000     0x14a2
 *(.debug_info .gnu.linkonce.wi.*)
 .debug_info    0x00000000      0x5f4 E:/Atmel/Studio/7.0/Packs/atmel/ATmega_DFP/1.1.130/gcc/dev/atmega88pa/avr4/crtatmega88pa.o
 .debug_info    0x000005f4      0x1a7 src/Delay.o
 .debug_info    0x0000079b      0x4d6 src/Display.o
 .debug_info    0x00000c71       0x7c src/ASF/common/boards/user_board/init.o
 .debug_info    0x00000ced      0x351 src/KEY_DEAL.o
 .debug_info    0x0000103e      0x464 src/main.o

.debug_abbrev   0x00000000      0xb9c
 *(.debug_abbrev)
 .debug_abbrev  0x00000000      0x5a2 E:/Atmel/Studio/7.0/Packs/atmel/ATmega_DFP/1.1.130/gcc/dev/atmega88pa/avr4/crtatmega88pa.o
 .debug_abbrev  0x000005a2      0x101 src/Delay.o
 .debug_abbrev  0x000006a3      0x1c4 src/Display.o
 .debug_abbrev  0x00000867       0x47 src/ASF/common/boards/user_board/init.o
 .debug_abbrev  0x000008ae      0x173 src/KEY_DEAL.o
 .debug_abbrev  0x00000a21      0x17b src/main.o

.debug_line     0x00000000     0x1832
 *(.debug_line .debug_line.* .debug_line_end)
 .debug_line    0x00000000      0x133 E:/Atmel/Studio/7.0/Packs/atmel/ATmega_DFP/1.1.130/gcc/dev/atmega88pa/avr4/crtatmega88pa.o
 .debug_line    0x00000133      0x28f src/Delay.o
 .debug_line    0x000003c2      0x533 src/Display.o
 .debug_line    0x000008f5      0x3a3 src/ASF/common/boards/user_board/init.o
 .debug_line    0x00000c98      0x53f src/KEY_DEAL.o
 .debug_line    0x000011d7      0x65b src/main.o

.debug_frame    0x00000000      0x314
 *(.debug_frame)
 .debug_frame   0x00000000       0x34 src/Delay.o
 .debug_frame   0x00000034       0xcc src/Display.o
 .debug_frame   0x00000100       0x24 src/ASF/common/boards/user_board/init.o
 .debug_frame   0x00000124       0xb0 src/KEY_DEAL.o
 .debug_frame   0x000001d4      0x140 src/main.o

.debug_str      0x00000000    0x10e5d
 *(.debug_str)
 .debug_str     0x00000000      0x208 E:/Atmel/Studio/7.0/Packs/atmel/ATmega_DFP/1.1.130/gcc/dev/atmega88pa/avr4/crtatmega88pa.o
 .debug_str     0x00000208     0x77b7 src/Delay.o
                               0x78ae (size before relaxing)
 .debug_str     0x000079bf      0x4bd src/Display.o
                               0x7cfe (size before relaxing)
 .debug_str     0x00007e7c     0x8c36 src/ASF/common/boards/user_board/init.o
                              0x10148 (size before relaxing)
 .debug_str     0x00010ab2      0x2c6 src/KEY_DEAL.o
                               0x7e5a (size before relaxing)
 .debug_str     0x00010d78       0xe5 src/main.o
                              0x1083e (size before relaxing)

.debug_loc      0x00000000      0x7ee
 *(.debug_loc)
 .debug_loc     0x00000000       0xf0 src/Delay.o
 .debug_loc     0x000000f0      0x365 src/Display.o
 .debug_loc     0x00000455      0x1b0 src/KEY_DEAL.o
 .debug_loc     0x00000605      0x1e9 src/main.o

.debug_macinfo
 *(.debug_macinfo)

.debug_weaknames
 *(.debug_weaknames)

.debug_funcnames
 *(.debug_funcnames)

.debug_typenames
 *(.debug_typenames)

.debug_varnames
 *(.debug_varnames)

.debug_pubtypes
 *(.debug_pubtypes)

.debug_ranges   0x00000000      0x110
 *(.debug_ranges)
 .debug_ranges  0x00000000       0x18 src/Delay.o
 .debug_ranges  0x00000018       0x48 src/Display.o
 .debug_ranges  0x00000060       0x10 src/ASF/common/boards/user_board/init.o
 .debug_ranges  0x00000070       0x50 src/KEY_DEAL.o
 .debug_ranges  0x000000c0       0x50 src/main.o

.debug_macro    0x00000000     0x4431
 *(.debug_macro)
 .debug_macro   0x00000000       0xb2 src/Delay.o
 .debug_macro   0x000000b2      0xa42 src/Delay.o
 .debug_macro   0x00000af4       0x10 src/Delay.o
 .debug_macro   0x00000b04      0x1c9 src/Delay.o
 .debug_macro   0x00000ccd      0x2fc src/Delay.o
 .debug_macro   0x00000fc9       0x9e src/Delay.o
 .debug_macro   0x00001067     0x19f1 src/Delay.o
 .debug_macro   0x00002a58      0x13a src/Delay.o
 .debug_macro   0x00002b92       0xbd src/Delay.o
 .debug_macro   0x00002c4f       0x34 src/Delay.o
 .debug_macro   0x00002c83       0x18 src/Delay.o
 .debug_macro   0x00002c9b       0x6c src/Delay.o
 .debug_macro   0x00002d07       0x10 src/Delay.o
 .debug_macro   0x00002d17      0x166 src/Delay.o
 .debug_macro   0x00002e7d       0x22 src/Delay.o
 .debug_macro   0x00002e9f       0xbb src/Display.o
 .debug_macro   0x00002f5a       0xb8 src/Display.o
 .debug_macro   0x00003012      0x106 src/Display.o
 .debug_macro   0x00003118      0x166 src/ASF/common/boards/user_board/init.o
 .debug_macro   0x0000327e       0x22 src/ASF/common/boards/user_board/init.o
 .debug_macro   0x000032a0      0x166 src/ASF/common/boards/user_board/init.o
 .debug_macro   0x00003406       0x1c src/ASF/common/boards/user_board/init.o
 .debug_macro   0x00003422       0x35 src/ASF/common/boards/user_board/init.o
 .debug_macro   0x00003457       0x66 src/ASF/common/boards/user_board/init.o
 .debug_macro   0x000034bd      0x652 src/ASF/common/boards/user_board/init.o
 .debug_macro   0x00003b0f       0x44 src/ASF/common/boards/user_board/init.o
 .debug_macro   0x00003b53       0x69 src/ASF/common/boards/user_board/init.o
 .debug_macro   0x00003bbc       0x2c src/ASF/common/boards/user_board/init.o
 .debug_macro   0x00003be8       0x10 src/ASF/common/boards/user_board/init.o
 .debug_macro   0x00003bf8       0xe2 src/ASF/common/boards/user_board/init.o
 .debug_macro   0x00003cda       0x40 src/ASF/common/boards/user_board/init.o
 .debug_macro   0x00003d1a      0x100 src/ASF/common/boards/user_board/init.o
 .debug_macro   0x00003e1a      0x2b9 src/ASF/common/boards/user_board/init.o
 .debug_macro   0x000040d3       0x56 src/ASF/common/boards/user_board/init.o
 .debug_macro   0x00004129       0xb4 src/KEY_DEAL.o
 .debug_macro   0x000041dd       0xa6 src/KEY_DEAL.o
 .debug_macro   0x00004283      0x1ae src/main.o
OUTPUT(LED_test.elf elf32-avr)
LOAD linker stubs
